Archive member included to satisfy reference by file (symbol)

C:/ST/STM32CubeIDE_1.14.0/STM32CubeIDE/plugins/com.st.stm32cube.ide.mcu.externaltools.gnu-tools-for-stm32.11.3.rel1.win32_1.1.100.202309141235/tools/bin/../lib/gcc/arm-none-eabi/11.3.1/../../../../arm-none-eabi/lib/thumb/v7-m/nofp\libc_nano.a(libc_a-exit.o)
                              C:/ST/STM32CubeIDE_1.14.0/STM32CubeIDE/plugins/com.st.stm32cube.ide.mcu.externaltools.gnu-tools-for-stm32.11.3.rel1.win32_1.1.100.202309141235/tools/bin/../lib/gcc/arm-none-eabi/11.3.1/../../../../arm-none-eabi/lib/thumb/v7-m/nofp/crt0.o (exit)
C:/ST/STM32CubeIDE_1.14.0/STM32CubeIDE/plugins/com.st.stm32cube.ide.mcu.externaltools.gnu-tools-for-stm32.11.3.rel1.win32_1.1.100.202309141235/tools/bin/../lib/gcc/arm-none-eabi/11.3.1/../../../../arm-none-eabi/lib/thumb/v7-m/nofp\libc_nano.a(libc_a-findfp.o)
                              C:/ST/STM32CubeIDE_1.14.0/STM32CubeIDE/plugins/com.st.stm32cube.ide.mcu.externaltools.gnu-tools-for-stm32.11.3.rel1.win32_1.1.100.202309141235/tools/bin/../lib/gcc/arm-none-eabi/11.3.1/../../../../arm-none-eabi/lib/thumb/v7-m/nofp\libc_nano.a(libc_a-exit.o) (__stdio_exit_handler)
C:/ST/STM32CubeIDE_1.14.0/STM32CubeIDE/plugins/com.st.stm32cube.ide.mcu.externaltools.gnu-tools-for-stm32.11.3.rel1.win32_1.1.100.202309141235/tools/bin/../lib/gcc/arm-none-eabi/11.3.1/../../../../arm-none-eabi/lib/thumb/v7-m/nofp\libc_nano.a(libc_a-fwalk.o)
                              C:/ST/STM32CubeIDE_1.14.0/STM32CubeIDE/plugins/com.st.stm32cube.ide.mcu.externaltools.gnu-tools-for-stm32.11.3.rel1.win32_1.1.100.202309141235/tools/bin/../lib/gcc/arm-none-eabi/11.3.1/../../../../arm-none-eabi/lib/thumb/v7-m/nofp\libc_nano.a(libc_a-findfp.o) (_fwalk_sglue)
C:/ST/STM32CubeIDE_1.14.0/STM32CubeIDE/plugins/com.st.stm32cube.ide.mcu.externaltools.gnu-tools-for-stm32.11.3.rel1.win32_1.1.100.202309141235/tools/bin/../lib/gcc/arm-none-eabi/11.3.1/../../../../arm-none-eabi/lib/thumb/v7-m/nofp\libc_nano.a(libc_a-stdio.o)
                              C:/ST/STM32CubeIDE_1.14.0/STM32CubeIDE/plugins/com.st.stm32cube.ide.mcu.externaltools.gnu-tools-for-stm32.11.3.rel1.win32_1.1.100.202309141235/tools/bin/../lib/gcc/arm-none-eabi/11.3.1/../../../../arm-none-eabi/lib/thumb/v7-m/nofp\libc_nano.a(libc_a-findfp.o) (__sread)
C:/ST/STM32CubeIDE_1.14.0/STM32CubeIDE/plugins/com.st.stm32cube.ide.mcu.externaltools.gnu-tools-for-stm32.11.3.rel1.win32_1.1.100.202309141235/tools/bin/../lib/gcc/arm-none-eabi/11.3.1/../../../../arm-none-eabi/lib/thumb/v7-m/nofp\libc_nano.a(libc_a-memset.o)
                              C:/ST/STM32CubeIDE_1.14.0/STM32CubeIDE/plugins/com.st.stm32cube.ide.mcu.externaltools.gnu-tools-for-stm32.11.3.rel1.win32_1.1.100.202309141235/tools/bin/../lib/gcc/arm-none-eabi/11.3.1/../../../../arm-none-eabi/lib/thumb/v7-m/nofp/crt0.o (memset)
C:/ST/STM32CubeIDE_1.14.0/STM32CubeIDE/plugins/com.st.stm32cube.ide.mcu.externaltools.gnu-tools-for-stm32.11.3.rel1.win32_1.1.100.202309141235/tools/bin/../lib/gcc/arm-none-eabi/11.3.1/../../../../arm-none-eabi/lib/thumb/v7-m/nofp\libc_nano.a(libc_a-closer.o)
                              C:/ST/STM32CubeIDE_1.14.0/STM32CubeIDE/plugins/com.st.stm32cube.ide.mcu.externaltools.gnu-tools-for-stm32.11.3.rel1.win32_1.1.100.202309141235/tools/bin/../lib/gcc/arm-none-eabi/11.3.1/../../../../arm-none-eabi/lib/thumb/v7-m/nofp\libc_nano.a(libc_a-stdio.o) (_close_r)
C:/ST/STM32CubeIDE_1.14.0/STM32CubeIDE/plugins/com.st.stm32cube.ide.mcu.externaltools.gnu-tools-for-stm32.11.3.rel1.win32_1.1.100.202309141235/tools/bin/../lib/gcc/arm-none-eabi/11.3.1/../../../../arm-none-eabi/lib/thumb/v7-m/nofp\libc_nano.a(libc_a-reent.o)
                              C:/ST/STM32CubeIDE_1.14.0/STM32CubeIDE/plugins/com.st.stm32cube.ide.mcu.externaltools.gnu-tools-for-stm32.11.3.rel1.win32_1.1.100.202309141235/tools/bin/../lib/gcc/arm-none-eabi/11.3.1/../../../../arm-none-eabi/lib/thumb/v7-m/nofp\libc_nano.a(libc_a-closer.o) (errno)
C:/ST/STM32CubeIDE_1.14.0/STM32CubeIDE/plugins/com.st.stm32cube.ide.mcu.externaltools.gnu-tools-for-stm32.11.3.rel1.win32_1.1.100.202309141235/tools/bin/../lib/gcc/arm-none-eabi/11.3.1/../../../../arm-none-eabi/lib/thumb/v7-m/nofp\libc_nano.a(libc_a-impure.o)
                              C:/ST/STM32CubeIDE_1.14.0/STM32CubeIDE/plugins/com.st.stm32cube.ide.mcu.externaltools.gnu-tools-for-stm32.11.3.rel1.win32_1.1.100.202309141235/tools/bin/../lib/gcc/arm-none-eabi/11.3.1/../../../../arm-none-eabi/lib/thumb/v7-m/nofp\libc_nano.a(libc_a-reent.o) (_impure_ptr)
C:/ST/STM32CubeIDE_1.14.0/STM32CubeIDE/plugins/com.st.stm32cube.ide.mcu.externaltools.gnu-tools-for-stm32.11.3.rel1.win32_1.1.100.202309141235/tools/bin/../lib/gcc/arm-none-eabi/11.3.1/../../../../arm-none-eabi/lib/thumb/v7-m/nofp\libc_nano.a(libc_a-lseekr.o)
[...]
Memory Configuration

Name             Origin             Length             Attributes
RAM              0x0000000020000000 0x0000000000005000 xrw
FLASH            0x0000000008000000 0x0000000000010000 xr
*default*        0x0000000000000000 0xffffffffffffffff

Linker script and memory map

LOAD C:/ST/STM32CubeIDE_1.14.0/STM32CubeIDE/plugins/com.st.stm32cube.ide.mcu.externaltools.gnu-tools-for-stm32.11.3.rel1.win32_1.1.100.202309141235/tools/bin/../lib/gcc/arm-none-eabi/11.3.1/thumb/v7-m/nofp/crti.o
LOAD C:/ST/STM32CubeIDE_1.14.0/STM32CubeIDE/plugins/com.st.stm32cube.ide.mcu.externaltools.gnu-tools-for-stm32.11.3.rel1.win32_1.1.100.202309141235/tools/bin/../lib/gcc/arm-none-eabi/11.3.1/thumb/v7-m/nofp/crtbegin.o
LOAD C:/ST/STM32CubeIDE_1.14.0/STM32CubeIDE/plugins/com.st.stm32cube.ide.mcu.externaltools.gnu-tools-for-stm32.11.3.rel1.win32_1.1.100.202309141235/tools/bin/../lib/gcc/arm-none-eabi/11.3.1/../../../../arm-none-eabi/lib/thumb/v7-m/nofp/crt0.o
LOAD ./Core/Src/main.o
LOAD ./Core/Src/stm32f1xx_hal_msp.o
LOAD ./Core/Src/stm32f1xx_it.o
LOAD ./Core/Src/syscalls.o
LOAD ./Core/Src/sysmem.o
LOAD ./Core/Src/system_stm32f1xx.o
LOAD ./Core/Startup/startup_stm32f103c8tx.o
LOAD ./Drivers/STM32F1xx_HAL_Driver/Src/stm32f1xx_hal.o
LOAD ./Drivers/STM32F1xx_HAL_Driver/Src/stm32f1xx_hal_cortex.o
LOAD ./Drivers/STM32F1xx_HAL_Driver/Src/stm32f1xx_hal_dma.o
LOAD ./Drivers/STM32F1xx_HAL_Driver/Src/stm32f1xx_hal_exti.o
LOAD ./Drivers/STM32F1xx_HAL_Driver/Src/stm32f1xx_hal_flash.o
LOAD ./Drivers/STM32F1xx_HAL_Driver/Src/stm32f1xx_hal_flash_ex.o
LOAD ./Drivers/STM32F1xx_HAL_Driver/Src/stm32f1xx_hal_gpio.o
LOAD ./Drivers/STM32F1xx_HAL_Driver/Src/stm32f1xx_hal_gpio_ex.o
LOAD ./Drivers/STM32F1xx_HAL_Driver/Src/stm32f1xx_hal_pwr.o
LOAD ./Drivers/STM32F1xx_HAL_Driver/Src/stm32f1xx_hal_rcc.o
LOAD ./Drivers/STM32F1xx_HAL_Driver/Src/stm32f1xx_hal_rcc_ex.o
LOAD ./Drivers/STM32F1xx_HAL_Driver/Src/stm32f1xx_hal_tim.o
LOAD ./Drivers/STM32F1xx_HAL_Driver/Src/stm32f1xx_hal_tim_ex.o
LOAD ./Drivers/STM32F1xx_HAL_Driver/Src/stm32f1xx_hal_uart.o
LOAD ./FREERTOSF103/croutine.o
LOAD ./FREERTOSF103/event_groups.o
LOAD ./FREERTOSF103/list.o
LOAD ./FREERTOSF103/queue.o
LOAD ./FREERTOSF103/stream_buffer.o
LOAD ./FREERTOSF103/tasks.o
LOAD ./FREERTOSF103/timers.o
LOAD ./FREERTOSF103/portable/GCC/ARM_CM3/port.o
LOAD ./FREERTOSF103/portable/heap_1.o
START GROUP
LOAD C:/ST/STM32CubeIDE_1.14.0/STM32CubeIDE/plugins/com.st.stm32cube.ide.mcu.externaltools.gnu-tools-for-stm32.11.3.rel1.win32_1.1.100.202309141235/tools/bin/../lib/gcc/arm-none-eabi/11.3.1/../../../../arm-none-eabi/lib/thumb/v7-m/nofp\libc_nano.a
LOAD C:/ST/STM32CubeIDE_1.14.0/STM32CubeIDE/plugins/com.st.stm32cube.ide.mcu.externaltools.gnu-tools-for-stm32.11.3.rel1.win32_1.1.100.202309141235/tools/bin/../lib/gcc/arm-none-eabi/11.3.1/../../../../arm-none-eabi/lib/thumb/v7-m/nofp\libm.a
END GROUP
START GROUP
LOAD C:/ST/STM32CubeIDE_1.14.0/STM32CubeIDE/plugins/com.st.stm32cube.ide.mcu.externaltools.gnu-tools-for-stm32.11.3.rel1.win32_1.1.100.202309141235/tools/bin/../lib/gcc/arm-none-eabi/11.3.1/thumb/v7-m/nofp\libgcc.a
LOAD C:/ST/STM32CubeIDE_1.14.0/STM32CubeIDE/plugins/com.st.stm32cube.ide.mcu.externaltools.gnu-tools-for-stm32.11.3.rel1.win32_1.1.100.202309141235/tools/bin/../lib/gcc/arm-none-eabi/11.3.1/../../../../arm-none-eabi/lib/thumb/v7-m/nofp\libc_nano.a
END GROUP
START GROUP
LOAD C:/ST/STM32CubeIDE_1.14.0/STM32CubeIDE/plugins/com.st.stm32cube.ide.mcu.externaltools.gnu-tools-for-stm32.11.3.rel1.win32_1.1.100.202309141235/tools/bin/../lib/gcc/arm-none-eabi/11.3.1/thumb/v7-m/nofp\libgcc.a
LOAD C:/ST/STM32CubeIDE_1.14.0/STM32CubeIDE/plugins/com.st.stm32cube.ide.mcu.externaltools.gnu-tools-for-stm32.11.3.rel1.win32_1.1.100.202309141235/tools/bin/../lib/gcc/arm-none-eabi/11.3.1/../../../../arm-none-eabi/lib/thumb/v7-m/nofp\libc_nano.a
LOAD C:/ST/STM32CubeIDE_1.14.0/STM32CubeIDE/plugins/com.st.stm32cube.ide.mcu.externaltools.gnu-tools-for-stm32.11.3.rel1.win32_1.1.100.202309141235/tools/bin/../lib/gcc/arm-none-eabi/11.3.1/../../../../arm-none-eabi/lib/thumb/v7-m/nofp\libnosys.a
END GROUP
START GROUP
LOAD C:/ST/STM32CubeIDE_1.14.0/STM32CubeIDE/plugins/com.st.stm32cube.ide.mcu.externaltools.gnu-tools-for-stm32.11.3.rel1.win32_1.1.100.202309141235/tools/bin/../lib/gcc/arm-none-eabi/11.3.1/thumb/v7-m/nofp\libgcc.a
LOAD C:/ST/STM32CubeIDE_1.14.0/STM32CubeIDE/plugins/com.st.stm32cube.ide.mcu.externaltools.gnu-tools-for-stm32.11.3.rel1.win32_1.1.100.202309141235/tools/bin/../lib/gcc/arm-none-eabi/11.3.1/../../../../arm-none-eabi/lib/thumb/v7-m/nofp\libc_nano.a
LOAD C:/ST/STM32CubeIDE_1.14.0/STM32CubeIDE/plugins/com.st.stm32cube.ide.mcu.externaltools.gnu-tools-for-stm32.11.3.rel1.win32_1.1.100.202309141235/tools/bin/../lib/gcc/arm-none-eabi/11.3.1/../../../../arm-none-eabi/lib/thumb/v7-m/nofp\libnosys.a
END GROUP
LOAD C:/ST/STM32CubeIDE_1.14.0/STM32CubeIDE/plugins/com.st.stm32cube.ide.mcu.externaltools.gnu-tools-for-stm32.11.3.rel1.win32_1.1.100.202309141235/tools/bin/../lib/gcc/arm-none-eabi/11.3.1/thumb/v7-m/nofp/crtend.o
LOAD C:/ST/STM32CubeIDE_1.14.0/STM32CubeIDE/plugins/com.st.stm32cube.ide.mcu.externaltools.gnu-tools-for-stm32.11.3.rel1.win32_1.1.100.202309141235/tools/bin/../lib/gcc/arm-none-eabi/11.3.1/thumb/v7-m/nofp/crtn.o
                0x0000000020005000                _estack = (ORIGIN (RAM) + LENGTH (RAM))
                0x0000000000000200                _Min_Heap_Size = 0x200
                0x0000000000000400                _Min_Stack_Size = 0x400

.isr_vector     0x0000000008000000      0x10c
                0x0000000008000000                . = ALIGN (0x4)
 *(.isr_vector)
 .isr_vector    0x0000000008000000      0x10c ./Core/Startup/startup_stm32f103c8tx.o
                0x0000000008000000                g_pfnVectors
                0x000000000800010c                . = ALIGN (0x4)

.text           0x000000000800010c     0x2f18
                0x000000000800010c                . = ALIGN (0x4)
 *(.text)
 .text          0x000000000800010c       0x40 C:/ST/STM32CubeIDE_1.14.0/STM32CubeIDE/plugins/com.st.stm32cube.ide.mcu.externaltools.gnu-tools-for-stm32.11.3.rel1.win32_1.1.100.202309141235/tools/bin/../lib/gcc/arm-none-eabi/11.3.1/thumb/v7-m/nofp/crtbegin.o
 *(.text*)
 .text.main     0x000000000800014c       0x94 ./Core/Src/main.o
                0x000000000800014c                main
 .text.SystemClock_Config
                0x00000000080001e0       0x76 ./Core/Src/main.o
                0x00000000080001e0                SystemClock_Config
 *fill*         0x0000000008000256        0x2 
 .text.MX_USART1_UART_Init
                0x0000000008000258       0x54 ./Core/Src/main.o
 .text.MX_GPIO_Init
                0x00000000080002ac       0x7c ./Core/Src/main.o
 .text.Usart_Task
                0x0000000008000328       0x24 ./Core/Src/main.o
 .text.LED_Task
                0x000000000800034c       0x68 ./Core/Src/main.o
 .text.Switch_Task
                0x00000000080003b4       0x4c ./Core/Src/main.o
 .text.Error_Handler
                0x0000000008000400        0xa ./Core/Src/main.o
                0x0000000008000400                Error_Handler
 *fill*         0x000000000800040a        0x2 
 .text.HAL_MspInit
                0x000000000800040c       0x64 ./Core/Src/stm32f1xx_hal_msp.o
                0x000000000800040c                HAL_MspInit
 .text.HAL_UART_MspInit
                0x0000000008000470       0x98 ./Core/Src/stm32f1xx_hal_msp.o
                0x0000000008000470                HAL_UART_MspInit
 .text.NMI_Handler
                0x0000000008000508        0x6 ./Core/Src/stm32f1xx_it.o
                0x0000000008000508                NMI_Handler
 .text.HardFault_Handler
                0x000000000800050e        0x6 ./Core/Src/stm32f1xx_it.o
                0x000000000800050e                HardFault_Handler
 .text.MemManage_Handler
                0x0000000008000514        0x6 ./Core/Src/stm32f1xx_it.o
                0x0000000008000514                MemManage_Handler
 .text.BusFault_Handler
                0x000000000800051a        0x6 ./Core/Src/stm32f1xx_it.o
                0x000000000800051a                BusFault_Handler
 .text.UsageFault_Handler
                0x0000000008000520        0x6 ./Core/Src/stm32f1xx_it.o
                0x0000000008000520                UsageFault_Handler
 .text.SVC_Handler
                0x0000000008000526        0xc ./Core/Src/stm32f1xx_it.o
                0x0000000008000526                SVC_Handler
 .text.DebugMon_Handler
                0x0000000008000532        0xc ./Core/Src/stm32f1xx_it.o
                0x0000000008000532                DebugMon_Handler
 .text.PendSV_Handler
                0x000000000800053e        0xc ./Core/Src/stm32f1xx_it.o
                0x000000000800053e                PendSV_Handler
 .text.SysTick_Handler
                0x000000000800054a        0xc ./Core/Src/stm32f1xx_it.o
                0x000000000800054a                SysTick_Handler
 .text.SystemInit
                0x0000000008000556        0xc ./Core/Src/system_stm32f1xx.o
                0x0000000008000556                SystemInit
 *fill*         0x0000000008000562        0x2 
 .text.Reset_Handler
                0x0000000008000564       0x48 ./Core/Startup/startup_stm32f103c8tx.o
                0x0000000008000564                Reset_Handler
 .text.Default_Handler
                0x00000000080005ac        0x2 ./Core/Startup/startup_stm32f103c8tx.o
                0x00000000080005ac                RTC_Alarm_IRQHandler
                0x00000000080005ac                EXTI2_IRQHandler
                0x00000000080005ac                TIM1_CC_IRQHandler
                0x00000000080005ac                PVD_IRQHandler
                0x00000000080005ac                EXTI3_IRQHandler
                0x00000000080005ac                EXTI0_IRQHandler
                0x00000000080005ac                I2C2_EV_IRQHandler
                0x00000000080005ac                ADC1_2_IRQHandler
                0x00000000080005ac                SPI1_IRQHandler
                0x00000000080005ac                TAMPER_IRQHandler
                0x00000000080005ac                DMA1_Channel4_IRQHandler
                0x00000000080005ac                USART3_IRQHandler
                0x00000000080005ac                RTC_IRQHandler
                0x00000000080005ac                DMA1_Channel7_IRQHandler
                0x00000000080005ac                CAN1_RX1_IRQHandler
                0x00000000080005ac                TIM4_IRQHandler
                0x00000000080005ac                I2C1_EV_IRQHandler
                0x00000000080005ac                DMA1_Channel6_IRQHandler
                0x00000000080005ac                TIM3_IRQHandler
                0x00000000080005ac                RCC_IRQHandler
                0x00000000080005ac                TIM1_TRG_COM_IRQHandler
                0x00000000080005ac                DMA1_Channel1_IRQHandler
                0x00000000080005ac                Default_Handler
                0x00000000080005ac                EXTI15_10_IRQHandler
                0x00000000080005ac                EXTI9_5_IRQHandler
                0x00000000080005ac                SPI2_IRQHandler
                0x00000000080005ac                DMA1_Channel5_IRQHandler
                0x00000000080005ac                EXTI4_IRQHandler
                0x00000000080005ac                USB_LP_CAN1_RX0_IRQHandler
                0x00000000080005ac                USB_HP_CAN1_TX_IRQHandler
                0x00000000080005ac                DMA1_Channel3_IRQHandler
                0x00000000080005ac                TIM1_UP_IRQHandler
                0x00000000080005ac                WWDG_IRQHandler
                0x00000000080005ac                TIM2_IRQHandler
                0x00000000080005ac                TIM1_BRK_IRQHandler
                0x00000000080005ac                EXTI1_IRQHandler
                0x00000000080005ac                USART2_IRQHandler
                0x00000000080005ac                I2C2_ER_IRQHandler
                0x00000000080005ac                DMA1_Channel2_IRQHandler
                0x00000000080005ac                CAN1_SCE_IRQHandler
                0x00000000080005ac                FLASH_IRQHandler
                0x00000000080005ac                USART1_IRQHandler
                0x00000000080005ac                I2C1_ER_IRQHandler
                0x00000000080005ac                USBWakeUp_IRQHandler
 *fill*         0x00000000080005ae        0x2 
 .text.HAL_Init
                0x00000000080005b0       0x2c ./Drivers/STM32F1xx_HAL_Driver/Src/stm32f1xx_hal.o
                0x00000000080005b0                HAL_Init
 .text.HAL_InitTick
                0x00000000080005dc       0x60 ./Drivers/STM32F1xx_HAL_Driver/Src/stm32f1xx_hal.o
                0x00000000080005dc                HAL_InitTick
 .text.HAL_IncTick
                0x000000000800063c       0x24 ./Drivers/STM32F1xx_HAL_Driver/Src/stm32f1xx_hal.o
                0x000000000800063c                HAL_IncTick
 .text.HAL_GetTick
                0x0000000008000660       0x14 ./Drivers/STM32F1xx_HAL_Driver/Src/stm32f1xx_hal.o
                0x0000000008000660                HAL_GetTick
 .text.__NVIC_SetPriorityGrouping
                0x0000000008000674       0x48 ./Drivers/STM32F1xx_HAL_Driver/Src/stm32f1xx_hal_cortex.o
 .text.__NVIC_GetPriorityGrouping
                0x00000000080006bc       0x1c ./Drivers/STM32F1xx_HAL_Driver/Src/stm32f1xx_hal_cortex.o
 .text.__NVIC_SetPriority
                0x00000000080006d8       0x54 ./Drivers/STM32F1xx_HAL_Driver/Src/stm32f1xx_hal_cortex.o
 .text.NVIC_EncodePriority
                0x000000000800072c       0x64 ./Drivers/STM32F1xx_HAL_Driver/Src/stm32f1xx_hal_cortex.o
 .text.SysTick_Config
                0x0000000008000790       0x44 ./Drivers/STM32F1xx_HAL_Driver/Src/stm32f1xx_hal_cortex.o
 .text.HAL_NVIC_SetPriorityGrouping
                0x00000000080007d4       0x16 ./Drivers/STM32F1xx_HAL_Driver/Src/stm32f1xx_hal_cortex.o
                0x00000000080007d4                HAL_NVIC_SetPriorityGrouping
 .text.HAL_NVIC_SetPriority
                0x00000000080007ea       0x38 ./Drivers/STM32F1xx_HAL_Driver/Src/stm32f1xx_hal_cortex.o
                0x00000000080007ea                HAL_NVIC_SetPriority
 .text.HAL_SYSTICK_Config
                0x0000000008000822       0x18 ./Drivers/STM32F1xx_HAL_Driver/Src/stm32f1xx_hal_cortex.o
                0x0000000008000822                HAL_SYSTICK_Config
 *fill*         0x000000000800083a        0x2 
 .text.HAL_GPIO_Init
                0x000000000800083c      0x308 ./Drivers/STM32F1xx_HAL_Driver/Src/stm32f1xx_hal_gpio.o
                0x000000000800083c                HAL_GPIO_Init
 .text.HAL_GPIO_ReadPin
                0x0000000008000b44       0x2e ./Drivers/STM32F1xx_HAL_Driver/Src/stm32f1xx_hal_gpio.o
                0x0000000008000b44                HAL_GPIO_ReadPin
 .text.HAL_GPIO_WritePin
                0x0000000008000b72       0x30 ./Drivers/STM32F1xx_HAL_Driver/Src/stm32f1xx_hal_gpio.o
                0x0000000008000b72                HAL_GPIO_WritePin
 .text.HAL_GPIO_TogglePin
                0x0000000008000ba2       0x32 ./Drivers/STM32F1xx_HAL_Driver/Src/stm32f1xx_hal_gpio.o
                0x0000000008000ba2                HAL_GPIO_TogglePin
 .text.HAL_RCC_OscConfig
                0x0000000008000bd4      0x504 ./Drivers/STM32F1xx_HAL_Driver/Src/stm32f1xx_hal_rcc.o
                0x0000000008000bd4                HAL_RCC_OscConfig
 .text.HAL_RCC_ClockConfig
                0x00000000080010d8      0x1d4 ./Drivers/STM32F1xx_HAL_Driver/Src/stm32f1xx_hal_rcc.o
                0x00000000080010d8                HAL_RCC_ClockConfig
 .text.HAL_RCC_GetSysClockFreq
                0x00000000080012ac       0xa8 ./Drivers/STM32F1xx_HAL_Driver/Src/stm32f1xx_hal_rcc.o
                0x00000000080012ac                HAL_RCC_GetSysClockFreq
 .text.HAL_RCC_GetHCLKFreq
                0x0000000008001354       0x14 ./Drivers/STM32F1xx_HAL_Driver/Src/stm32f1xx_hal_rcc.o
                0x0000000008001354                HAL_RCC_GetHCLKFreq
 .text.HAL_RCC_GetPCLK1Freq
                0x0000000008001368       0x28 ./Drivers/STM32F1xx_HAL_Driver/Src/stm32f1xx_hal_rcc.o
                0x0000000008001368                HAL_RCC_GetPCLK1Freq
 .text.HAL_RCC_GetPCLK2Freq
                0x0000000008001390       0x28 ./Drivers/STM32F1xx_HAL_Driver/Src/stm32f1xx_hal_rcc.o
                0x0000000008001390                HAL_RCC_GetPCLK2Freq
 .text.RCC_Delay
                0x00000000080013b8       0x3c ./Drivers/STM32F1xx_HAL_Driver/Src/stm32f1xx_hal_rcc.o
 .text.HAL_UART_Init
                0x00000000080013f4       0xa0 ./Drivers/STM32F1xx_HAL_Driver/Src/stm32f1xx_hal_uart.o
                0x00000000080013f4                HAL_UART_Init
 .text.HAL_UART_Receive
                0x0000000008001494      0x124 ./Drivers/STM32F1xx_HAL_Driver/Src/stm32f1xx_hal_uart.o
                0x0000000008001494                HAL_UART_Receive
 .text.UART_WaitOnFlagUntilTimeout
                0x00000000080015b8       0xdc ./Drivers/STM32F1xx_HAL_Driver/Src/stm32f1xx_hal_uart.o
 .text.UART_SetConfig
                0x0000000008001694      0x11c ./Drivers/STM32F1xx_HAL_Driver/Src/stm32f1xx_hal_uart.o
 .text.vListInitialise
                0x00000000080017b0       0x3e ./FREERTOSF103/list.o
                0x00000000080017b0                vListInitialise
 .text.vListInitialiseItem
                0x00000000080017ee       0x18 ./FREERTOSF103/list.o
                0x00000000080017ee                vListInitialiseItem
 .text.vListInsert
                0x0000000008001806       0x70 ./FREERTOSF103/list.o
                0x0000000008001806                vListInsert
 .text.uxListRemove
                0x0000000008001876       0x52 ./FREERTOSF103/list.o
                0x0000000008001876                uxListRemove
 .text.xQueueGenericReset
                0x00000000080018c8       0xe8 ./FREERTOSF103/queue.o
                0x00000000080018c8                xQueueGenericReset
 .text.xQueueGenericCreate
                0x00000000080019b0       0x7e ./FREERTOSF103/queue.o
                0x00000000080019b0                xQueueGenericCreate
 .text.prvInitialiseNewQueue
                0x0000000008001a2e       0x46 ./FREERTOSF103/queue.o
 .text.xQueueGenericSend
                0x0000000008001a74      0x154 ./FREERTOSF103/queue.o
                0x0000000008001a74                xQueueGenericSend
 .text.xQueueReceive
                0x0000000008001bc8      0x144 ./FREERTOSF103/queue.o
                0x0000000008001bc8                xQueueReceive
 .text.prvCopyDataToQueue
                0x0000000008001d0c       0xd4 ./FREERTOSF103/queue.o
 .text.prvCopyDataFromQueue
                0x0000000008001de0       0x4c ./FREERTOSF103/queue.o
 .text.prvUnlockQueue
                0x0000000008001e2c       0xa4 ./FREERTOSF103/queue.o
 .text.prvIsQueueEmpty
                0x0000000008001ed0       0x2c ./FREERTOSF103/queue.o
 .text.prvIsQueueFull
                0x0000000008001efc       0x30 ./FREERTOSF103/queue.o
 .text.xTaskCreate
                0x0000000008001f2c       0x8c ./FREERTOSF103/tasks.o
                0x0000000008001f2c                xTaskCreate
 .text.prvInitialiseNewTask
                0x0000000008001fb8       0xe0 ./FREERTOSF103/tasks.o
 .text.prvAddNewTaskToReadyList
                0x0000000008002098      0x12c ./FREERTOSF103/tasks.o
 .text.vTaskDelay
                0x00000000080021c4       0x48 ./FREERTOSF103/tasks.o
                0x00000000080021c4                vTaskDelay
 .text.vTaskStartScheduler
                0x000000000800220c       0x78 ./FREERTOSF103/tasks.o
                0x000000000800220c                vTaskStartScheduler
 .text.vTaskSuspendAll
                0x0000000008002284       0x1c ./FREERTOSF103/tasks.o
                0x0000000008002284                vTaskSuspendAll
 .text.xTaskResumeAll
                0x00000000080022a0      0x1d8 ./FREERTOSF103/tasks.o
                0x00000000080022a0                xTaskResumeAll
 .text.xTaskIncrementTick
                0x0000000008002478      0x20c ./FREERTOSF103/tasks.o
                0x0000000008002478                xTaskIncrementTick
 .text.vTaskSwitchContext
                0x0000000008002684       0xd8 ./FREERTOSF103/tasks.o
                0x0000000008002684                vTaskSwitchContext
 .text.vTaskPlaceOnEventList
                0x000000000800275c       0x2c ./FREERTOSF103/tasks.o
                0x000000000800275c                vTaskPlaceOnEventList
 .text.xTaskRemoveFromEventList
                0x0000000008002788      0x190 ./FREERTOSF103/tasks.o
                0x0000000008002788                xTaskRemoveFromEventList
 .text.vTaskInternalSetTimeOutState
                0x0000000008002918       0x2c ./FREERTOSF103/tasks.o
                0x0000000008002918                vTaskInternalSetTimeOutState
 .text.xTaskCheckForTimeOut
                0x0000000008002944       0x94 ./FREERTOSF103/tasks.o
                0x0000000008002944                xTaskCheckForTimeOut
 .text.vTaskMissedYield
                0x00000000080029d8       0x18 ./FREERTOSF103/tasks.o
                0x00000000080029d8                vTaskMissedYield
 .text.prvIdleTask
                0x00000000080029f0       0x30 ./FREERTOSF103/tasks.o
 .text.prvInitialiseTaskLists
                0x0000000008002a20       0x80 ./FREERTOSF103/tasks.o
 .text.prvCheckTasksWaitingTermination
                0x0000000008002aa0       0x5c ./FREERTOSF103/tasks.o
 .text.prvDeleteTCB
                0x0000000008002afc       0x20 ./FREERTOSF103/tasks.o
 .text.prvResetNextTaskUnblockTime
                0x0000000008002b1c       0x34 ./FREERTOSF103/tasks.o
 .text.xTaskPriorityDisinherit
                0x0000000008002b50      0x104 ./FREERTOSF103/tasks.o
                0x0000000008002b50                xTaskPriorityDisinherit
 .text.prvAddCurrentTaskToDelayedList
                0x0000000008002c54      0x100 ./FREERTOSF103/tasks.o
 .text.pxPortInitialiseStack
                0x0000000008002d54       0x58 ./FREERTOSF103/portable/GCC/ARM_CM3/port.o
                0x0000000008002d54                pxPortInitialiseStack
 .text.prvTaskExitError
                0x0000000008002dac       0x32 ./FREERTOSF103/portable/GCC/ARM_CM3/port.o
 *fill*         0x0000000008002dde        0x2 
 .text.prvPortStartFirstTask
                0x0000000008002de0       0x24 ./FREERTOSF103/portable/GCC/ARM_CM3/port.o
 .text.xPortStartScheduler
                0x0000000008002e04       0x40 ./FREERTOSF103/portable/GCC/ARM_CM3/port.o
                0x0000000008002e04                xPortStartScheduler
 .text.vPortEnterCritical
                0x0000000008002e44       0x34 ./FREERTOSF103/portable/GCC/ARM_CM3/port.o
                0x0000000008002e44                vPortEnterCritical
 .text.vPortExitCritical
                0x0000000008002e78       0x34 ./FREERTOSF103/portable/GCC/ARM_CM3/port.o
                0x0000000008002e78                vPortExitCritical
 .text.vPortSetupTimerInterrupt
                0x0000000008002eac       0x34 ./FREERTOSF103/portable/GCC/ARM_CM3/port.o
                0x0000000008002eac                vPortSetupTimerInterrupt
 .text.pvPortMalloc
                0x0000000008002ee0       0xa4 ./FREERTOSF103/portable/heap_1.o
                0x0000000008002ee0                pvPortMalloc
 .text.vPortFree
                0x0000000008002f84       0x12 ./FREERTOSF103/portable/heap_1.o
                0x0000000008002f84                vPortFree
 .text.memset   0x0000000008002f96       0x10 C:/ST/STM32CubeIDE_1.14.0/STM32CubeIDE/plugins/com.st.stm32cube.ide.mcu.externaltools.gnu-tools-for-stm32.11.3.rel1.win32_1.1.100.202309141235/tools/bin/../lib/gcc/arm-none-eabi/11.3.1/../../../../arm-none-eabi/lib/thumb/v7-m/nofp\libc_nano.a(libc_a-memset.o)
                0x0000000008002f96                memset
 *fill*         0x0000000008002fa6        0x2 
 .text.__libc_init_array
                0x0000000008002fa8       0x48 C:/ST/STM32CubeIDE_1.14.0/STM32CubeIDE/plugins/com.st.stm32cube.ide.mcu.externaltools.gnu-tools-for-stm32.11.3.rel1.win32_1.1.100.202309141235/tools/bin/../lib/gcc/arm-none-eabi/11.3.1/../../../../arm-none-eabi/lib/thumb/v7-m/nofp\libc_nano.a(libc_a-init.o)
                0x0000000008002fa8                __libc_init_array
 .text.memcpy   0x0000000008002ff0       0x1c C:/ST/STM32CubeIDE_1.14.0/STM32CubeIDE/plugins/com.st.stm32cube.ide.mcu.externaltools.gnu-tools-for-stm32.11.3.rel1.win32_1.1.100.202309141235/tools/bin/../lib/gcc/arm-none-eabi/11.3.1/../../../../arm-none-eabi/lib/thumb/v7-m/nofp\libc_nano.a(libc_a-memcpy-stub.o)
                0x0000000008002ff0                memcpy
 *(.glue_7)
 .glue_7        0x000000000800300c        0x0 linker stubs
 *(.glue_7t)
 .glue_7t       0x000000000800300c        0x0 linker stubs
 *(.eh_frame)
 .eh_frame      0x000000000800300c        0x0 C:/ST/STM32CubeIDE_1.14.0/STM32CubeIDE/plugins/com.st.stm32cube.ide.mcu.externaltools.gnu-tools-for-stm32.11.3.rel1.win32_1.1.100.202309141235/tools/bin/../lib/gcc/arm-none-eabi/11.3.1/thumb/v7-m/nofp/crtbegin.o
 *(.init)
 .init          0x000000000800300c        0x4 C:/ST/STM32CubeIDE_1.14.0/STM32CubeIDE/plugins/com.st.stm32cube.ide.mcu.externaltools.gnu-tools-for-stm32.11.3.rel1.win32_1.1.100.202309141235/tools/bin/../lib/gcc/arm-none-eabi/11.3.1/thumb/v7-m/nofp/crti.o
                0x000000000800300c                _init
 .init          0x0000000008003010        0x8 C:/ST/STM32CubeIDE_1.14.0/STM32CubeIDE/plugins/com.st.stm32cube.ide.mcu.externaltools.gnu-tools-for-stm32.11.3.rel1.win32_1.1.100.202309141235/tools/bin/../lib/gcc/arm-none-eabi/11.3.1/thumb/v7-m/nofp/crtn.o
 *(.fini)
 .fini          0x0000000008003018        0x4 C:/ST/STM32CubeIDE_1.14.0/STM32CubeIDE/plugins/com.st.stm32cube.ide.mcu.externaltools.gnu-tools-for-stm32.11.3.rel1.win32_1.1.100.202309141235/tools/bin/../lib/gcc/arm-none-eabi/11.3.1/thumb/v7-m/nofp/crti.o
                0x0000000008003018                _fini
 .fini          0x000000000800301c        0x8 C:/ST/STM32CubeIDE_1.14.0/STM32CubeIDE/plugins/com.st.stm32cube.ide.mcu.externaltools.gnu-tools-for-stm32.11.3.rel1.win32_1.1.100.202309141235/tools/bin/../lib/gcc/arm-none-eabi/11.3.1/thumb/v7-m/nofp/crtn.o
                0x0000000008003024                . = ALIGN (0x4)
                0x0000000008003024                _etext = .

.vfp11_veneer   0x0000000008003024        0x0
 .vfp11_veneer  0x0000000008003024        0x0 linker stubs

.v4_bx          0x0000000008003024        0x0
 .v4_bx         0x0000000008003024        0x0 linker stubs

.iplt           0x0000000008003024        0x0
 .iplt          0x0000000008003024        0x0 C:/ST/STM32CubeIDE_1.14.0/STM32CubeIDE/plugins/com.st.stm32cube.ide.mcu.externaltools.gnu-tools-for-stm32.11.3.rel1.win32_1.1.100.202309141235/tools/bin/../lib/gcc/arm-none-eabi/11.3.1/thumb/v7-m/nofp/crtbegin.o

.rodata         0x0000000008003024       0x50
                0x0000000008003024                . = ALIGN (0x4)
 *(.rodata)
 .rodata        0x0000000008003024       0x1c ./Core/Src/main.o
 .rodata        0x0000000008003040        0x5 ./FREERTOSF103/tasks.o
 *(.rodata*)
 *fill*         0x0000000008003045        0x3 
 .rodata.AHBPrescTable
                0x0000000008003048       0x10 ./Core/Src/system_stm32f1xx.o
                0x0000000008003048                AHBPrescTable
 .rodata.APBPrescTable
                0x0000000008003058        0x8 ./Core/Src/system_stm32f1xx.o
                0x0000000008003058                APBPrescTable
 .rodata.aPLLMULFactorTable.1
                0x0000000008003060       0x10 ./Drivers/STM32F1xx_HAL_Driver/Src/stm32f1xx_hal_rcc.o
 .rodata.aPredivFactorTable.0
                0x0000000008003070        0x2 ./Drivers/STM32F1xx_HAL_Driver/Src/stm32f1xx_hal_rcc.o
                0x0000000008003074                . = ALIGN (0x4)
 *fill*         0x0000000008003072        0x2 

.rel.dyn        0x0000000008003074        0x0
 .rel.iplt      0x0000000008003074        0x0 C:/ST/STM32CubeIDE_1.14.0/STM32CubeIDE/plugins/com.st.stm32cube.ide.mcu.externaltools.gnu-tools-for-stm32.11.3.rel1.win32_1.1.100.202309141235/tools/bin/../lib/gcc/arm-none-eabi/11.3.1/thumb/v7-m/nofp/crtbegin.o

.ARM.extab      0x0000000008003074        0x0
                0x0000000008003074                . = ALIGN (0x4)
 *(.ARM.extab* .gnu.linkonce.armextab.*)
                0x0000000008003074                . = ALIGN (0x4)

.ARM            0x0000000008003074        0x0
                0x0000000008003074                . = ALIGN (0x4)
                0x0000000008003074                __exidx_start = .
 *(.ARM.exidx*)
                0x0000000008003074                __exidx_end = .
                0x0000000008003074                . = ALIGN (0x4)

.preinit_array  0x0000000008003074        0x0
                0x0000000008003074                . = ALIGN (0x4)
                0x0000000008003074                PROVIDE (__preinit_array_start = .)
 *(.preinit_array*)
                0x0000000008003074                PROVIDE (__preinit_array_end = .)
                0x0000000008003074                . = ALIGN (0x4)

.init_array     0x0000000008003074        0x4
                0x0000000008003074                . = ALIGN (0x4)
                0x0000000008003074                PROVIDE (__init_array_start = .)
 *(SORT_BY_NAME(.init_array.*))
 *(.init_array*)
 .init_array    0x0000000008003074        0x4 C:/ST/STM32CubeIDE_1.14.0/STM32CubeIDE/plugins/com.st.stm32cube.ide.mcu.externaltools.gnu-tools-for-stm32.11.3.rel1.win32_1.1.100.202309141235/tools/bin/../lib/gcc/arm-none-eabi/11.3.1/thumb/v7-m/nofp/crtbegin.o
                0x0000000008003078                PROVIDE (__init_array_end = .)
                0x0000000008003078                . = ALIGN (0x4)

.fini_array     0x0000000008003078        0x4
                0x0000000008003078                . = ALIGN (0x4)
                [!provide]                        PROVIDE (__fini_array_start = .)
 *(SORT_BY_NAME(.fini_array.*))
 *(.fini_array*)
 .fini_array    0x0000000008003078        0x4 C:/ST/STM32CubeIDE_1.14.0/STM32CubeIDE/plugins/com.st.stm32cube.ide.mcu.externaltools.gnu-tools-for-stm32.11.3.rel1.win32_1.1.100.202309141235/tools/bin/../lib/gcc/arm-none-eabi/11.3.1/thumb/v7-m/nofp/crtbegin.o
                [!provide]                        PROVIDE (__fini_array_end = .)
                0x000000000800307c                . = ALIGN (0x4)
                0x000000000800307c                _sidata = LOADADDR (.data)

.data           0x0000000020000000       0x14 load address 0x000000000800307c
                0x0000000020000000                . = ALIGN (0x4)
                0x0000000020000000                _sdata = .
 *(.data)
 *(.data*)
 .data.SystemCoreClock
                0x0000000020000000        0x4 ./Core/Src/system_stm32f1xx.o
                0x0000000020000000                SystemCoreClock
 .data.uwTickPrio
                0x0000000020000004        0x4 ./Drivers/STM32F1xx_HAL_Driver/Src/stm32f1xx_hal.o
                0x0000000020000004                uwTickPrio
 .data.uwTickFreq
                0x0000000020000008        0x1 ./Drivers/STM32F1xx_HAL_Driver/Src/stm32f1xx_hal.o
                0x0000000020000008                uwTickFreq
 *fill*         0x0000000020000009        0x3 
 .data.uxTopUsedPriority
                0x000000002000000c        0x4 ./FREERTOSF103/tasks.o
                0x000000002000000c                uxTopUsedPriority
 .data.uxCriticalNesting
                0x0000000020000010        0x4 ./FREERTOSF103/portable/GCC/ARM_CM3/port.o
 *(.RamFunc)
 *(.RamFunc*)
                0x0000000020000014                . = ALIGN (0x4)
                0x0000000020000014                _edata = .

.igot.plt       0x0000000020000014        0x0 load address 0x0000000008003090
 .igot.plt      0x0000000020000014        0x0 C:/ST/STM32CubeIDE_1.14.0/STM32CubeIDE/plugins/com.st.stm32cube.ide.mcu.externaltools.gnu-tools-for-stm32.11.3.rel1.win32_1.1.100.202309141235/tools/bin/../lib/gcc/arm-none-eabi/11.3.1/thumb/v7-m/nofp/crtbegin.o
                0x0000000020000014                . = ALIGN (0x4)

.bss            0x0000000020000014     0x4984 load address 0x0000000008003090
                0x0000000020000014                _sbss = .
                0x0000000020000014                __bss_start__ = _sbss
 *(.bss)
 .bss           0x0000000020000014       0x1c C:/ST/STM32CubeIDE_1.14.0/STM32CubeIDE/plugins/com.st.stm32cube.ide.mcu.externaltools.gnu-tools-for-stm32.11.3.rel1.win32_1.1.100.202309141235/tools/bin/../lib/gcc/arm-none-eabi/11.3.1/thumb/v7-m/nofp/crtbegin.o
 *(.bss*)
 .bss.queue_led_command
                0x0000000020000030        0x4 ./Core/Src/main.o
                0x0000000020000030                queue_led_command
 .bss.data      0x0000000020000034        0xa ./Core/Src/main.o
                0x0000000020000034                data
 *fill*         0x000000002000003e        0x2 
 .bss.huart1    0x0000000020000040       0x48 ./Core/Src/main.o
                0x0000000020000040                huart1
 .bss.uwTick    0x0000000020000088        0x4 ./Drivers/STM32F1xx_HAL_Driver/Src/stm32f1xx_hal.o
                0x0000000020000088                uwTick
 .bss.pxCurrentTCB
                0x000000002000008c        0x4 ./FREERTOSF103/tasks.o
                0x000000002000008c                pxCurrentTCB
 .bss.pxReadyTasksLists
                0x0000000020000090       0x64 ./FREERTOSF103/tasks.o
 .bss.xDelayedTaskList1
                0x00000000200000f4       0x14 ./FREERTOSF103/tasks.o
 .bss.xDelayedTaskList2
                0x0000000020000108       0x14 ./FREERTOSF103/tasks.o
 .bss.pxDelayedTaskList
                0x000000002000011c        0x4 ./FREERTOSF103/tasks.o
 .bss.pxOverflowDelayedTaskList
                0x0000000020000120        0x4 ./FREERTOSF103/tasks.o
 .bss.xPendingReadyList
                0x0000000020000124       0x14 ./FREERTOSF103/tasks.o
 .bss.xTasksWaitingTermination
                0x0000000020000138       0x14 ./FREERTOSF103/tasks.o
 .bss.uxDeletedTasksWaitingCleanUp
                0x000000002000014c        0x4 ./FREERTOSF103/tasks.o
 .bss.xSuspendedTaskList
                0x0000000020000150       0x14 ./FREERTOSF103/tasks.o
 .bss.uxCurrentNumberOfTasks
                0x0000000020000164        0x4 ./FREERTOSF103/tasks.o
 .bss.xTickCount
                0x0000000020000168        0x4 ./FREERTOSF103/tasks.o
 .bss.uxTopReadyPriority
                0x000000002000016c        0x4 ./FREERTOSF103/tasks.o
 .bss.xSchedulerRunning
                0x0000000020000170        0x4 ./FREERTOSF103/tasks.o
 .bss.xPendedTicks
                0x0000000020000174        0x4 ./FREERTOSF103/tasks.o
 .bss.xYieldPending
                0x0000000020000178        0x4 ./FREERTOSF103/tasks.o
 .bss.xNumOfOverflows
                0x000000002000017c        0x4 ./FREERTOSF103/tasks.o
 .bss.uxTaskNumber
                0x0000000020000180        0x4 ./FREERTOSF103/tasks.o
 .bss.xNextTaskUnblockTime
                0x0000000020000184        0x4 ./FREERTOSF103/tasks.o
 .bss.xIdleTaskHandle
                0x0000000020000188        0x4 ./FREERTOSF103/tasks.o
 .bss.uxSchedulerSuspended
                0x000000002000018c        0x4 ./FREERTOSF103/tasks.o
 .bss.ucHeap    0x0000000020000190     0x4800 ./FREERTOSF103/portable/heap_1.o
 .bss.xNextFreeByte
                0x0000000020004990        0x4 ./FREERTOSF103/portable/heap_1.o
 .bss.pucAlignedHeap.0
                0x0000000020004994        0x4 ./FREERTOSF103/portable/heap_1.o
 *(COMMON)
                0x0000000020004998                . = ALIGN (0x4)
                0x0000000020004998                _ebss = .
                0x0000000020004998                __bss_end__ = _ebss

._user_heap_stack
                0x0000000020004998      0x600 load address 0x0000000008003090
                0x0000000020004998                . = ALIGN (0x8)
                [!provide]                        PROVIDE (end = .)
                0x0000000020004998                PROVIDE (_end = .)
                0x0000000020004b98                . = (. + _Min_Heap_Size)
 *fill*         0x0000000020004998      0x200 
                0x0000000020004f98                . = (. + _Min_Stack_Size)
 *fill*         0x0000000020004b98      0x400 
                0x0000000020004f98                . = ALIGN (0x8)

/DISCARD/
 libc.a(*)
 libm.a(*)
 libgcc.a(*)

.ARM.attributes
                0x0000000000000000       0x29
 *(.ARM.attributes)
 .ARM.attributes
                0x0000000000000000       0x1d C:/ST/STM32CubeIDE_1.14.0/STM32CubeIDE/plugins/com.st.stm32cube.ide.mcu.externaltools.gnu-tools-for-stm32.11.3.rel1.win32_1.1.100.202309141235/tools/bin/../lib/gcc/arm-none-eabi/11.3.1/thumb/v7-m/nofp/crti.o
 .ARM.attributes
                0x000000000000001d       0x2d C:/ST/STM32CubeIDE_1.14.0/STM32CubeIDE/plugins/com.st.stm32cube.ide.mcu.externaltools.gnu-tools-for-stm32.11.3.rel1.win32_1.1.100.202309141235/tools/bin/../lib/gcc/arm-none-eabi/11.3.1/thumb/v7-m/nofp/crtbegin.o
 .ARM.attributes
                0x000000000000004a       0x2d ./Core/Src/main.o
 .ARM.attributes
                0x0000000000000077       0x2d ./Core/Src/stm32f1xx_hal_msp.o
 .ARM.attributes
                0x00000000000000a4       0x2d ./Core/Src/stm32f1xx_it.o
 .ARM.attributes
                0x00000000000000d1       0x2d ./Core/Src/system_stm32f1xx.o
 .ARM.attributes
                0x00000000000000fe       0x21 ./Core/Startup/startup_stm32f103c8tx.o
 .ARM.attributes
                0x000000000000011f       0x2d ./Drivers/STM32F1xx_HAL_Driver/Src/stm32f1xx_hal.o
 .ARM.attributes
                0x000000000000014c       0x2d ./Drivers/STM32F1xx_HAL_Driver/Src/stm32f1xx_hal_cortex.o
 .ARM.attributes
                0x0000000000000179       0x2d ./Drivers/STM32F1xx_HAL_Driver/Src/stm32f1xx_hal_gpio.o
 .ARM.attributes
                0x00000000000001a6       0x2d ./Drivers/STM32F1xx_HAL_Driver/Src/stm32f1xx_hal_rcc.o
 .ARM.attributes
                0x00000000000001d3       0x2d ./Drivers/STM32F1xx_HAL_Driver/Src/stm32f1xx_hal_uart.o
 .ARM.attributes
                0x0000000000000200       0x2d ./FREERTOSF103/list.o
 .ARM.attributes
                0x000000000000022d       0x2d ./FREERTOSF103/queue.o
 .ARM.attributes
                0x000000000000025a       0x2d ./FREERTOSF103/tasks.o
 .ARM.attributes
                0x0000000000000287       0x2d ./FREERTOSF103/portable/GCC/ARM_CM3/port.o
 .ARM.attributes
                0x00000000000002b4       0x2d ./FREERTOSF103/portable/heap_1.o
 .ARM.attributes
                0x00000000000002e1       0x2d C:/ST/STM32CubeIDE_1.14.0/STM32CubeIDE/plugins/com.st.stm32cube.ide.mcu.externaltools.gnu-tools-for-stm32.11.3.rel1.win32_1.1.100.202309141235/tools/bin/../lib/gcc/arm-none-eabi/11.3.1/../../../../arm-none-eabi/lib/thumb/v7-m/nofp\libc_nano.a(libc_a-memset.o)
 .ARM.attributes
                0x000000000000030e       0x2d C:/ST/STM32CubeIDE_1.14.0/STM32CubeIDE/plugins/com.st.stm32cube.ide.mcu.externaltools.gnu-tools-for-stm32.11.3.rel1.win32_1.1.100.202309141235/tools/bin/../lib/gcc/arm-none-eabi/11.3.1/../../../../arm-none-eabi/lib/thumb/v7-m/nofp\libc_nano.a(libc_a-init.o)
 .ARM.attributes
                0x000000000000033b       0x2d C:/ST/STM32CubeIDE_1.14.0/STM32CubeIDE/plugins/com.st.stm32cube.ide.mcu.externaltools.gnu-tools-for-stm32.11.3.rel1.win32_1.1.100.202309141235/tools/bin/../lib/gcc/arm-none-eabi/11.3.1/../../../../arm-none-eabi/lib/thumb/v7-m/nofp\libc_nano.a(libc_a-memcpy-stub.o)
 .ARM.attributes
                0x0000000000000368       0x1d C:/ST/STM32CubeIDE_1.14.0/STM32CubeIDE/plugins/com.st.stm32cube.ide.mcu.externaltools.gnu-tools-for-stm32.11.3.rel1.win32_1.1.100.202309141235/tools/bin/../lib/gcc/arm-none-eabi/11.3.1/thumb/v7-m/nofp/crtn.o
OUTPUT(BT2 embeded.elf elf32-littlearm)
LOAD linker stubs
LOAD C:/ST/STM32CubeIDE_1.14.0/STM32CubeIDE/plugins/com.st.stm32cube.ide.mcu.externaltools.gnu-tools-for-stm32.11.3.rel1.win32_1.1.100.202309141235/tools/bin/../lib/gcc/arm-none-eabi/11.3.1/../../../../arm-none-eabi/lib/thumb/v7-m/nofp\libc.a
LOAD C:/ST/STM32CubeIDE_1.14.0/STM32CubeIDE/plugins/com.st.stm32cube.ide.mcu.externaltools.gnu-tools-for-stm32.11.3.rel1.win32_1.1.100.202309141235/tools/bin/../lib/gcc/arm-none-eabi/11.3.1/../../../../arm-none-eabi/lib/thumb/v7-m/nofp\libm.a
LOAD C:/ST/STM32CubeIDE_1.14.0/STM32CubeIDE/plugins/com.st.stm32cube.ide.mcu.externaltools.gnu-tools-for-stm32.11.3.rel1.win32_1.1.100.202309141235/tools/bin/../lib/gcc/arm-none-eabi/11.3.1/thumb/v7-m/nofp\libgcc.a

.comment        0x0000000000000000       0x43
 .comment       0x0000000000000000       0x43 C:/ST/STM32CubeIDE_1.14.0/STM32CubeIDE/plugins/com.st.stm32cube.ide.mcu.externaltools.gnu-tools-for-stm32.11.3.rel1.win32_1.1.100.202309141235/tools/bin/../lib/gcc/arm-none-eabi/11.3.1/thumb/v7-m/nofp/crtbegin.o
                                         0x44 (size before relaxing)
 .comment       0x0000000000000043       0x44 ./Core/Src/main.o
 .comment       0x0000000000000043       0x44 ./Core/Src/stm32f1xx_hal_msp.o
 .comment       0x0000000000000043       0x44 ./Core/Src/stm32f1xx_it.o
 .comment       0x0000000000000043       0x44 ./Core/Src/system_stm32f1xx.o
 .comment       0x0000000000000043       0x44 ./Drivers/STM32F1xx_HAL_Driver/Src/stm32f1xx_hal.o
 .comment       0x0000000000000043       0x44 ./Drivers/STM32F1xx_HAL_Driver/Src/stm32f1xx_hal_cortex.o
 .comment       0x0000000000000043       0x44 ./Drivers/STM32F1xx_HAL_Driver/Src/stm32f1xx_hal_gpio.o
 .comment       0x0000000000000043       0x44 ./Drivers/STM32F1xx_HAL_Driver/Src/stm32f1xx_hal_rcc.o
 .comment       0x0000000000000043       0x44 ./Drivers/STM32F1xx_HAL_Driver/Src/stm32f1xx_hal_uart.o
 .comment       0x0000000000000043       0x44 ./FREERTOSF103/list.o
 .comment       0x0000000000000043       0x44 ./FREERTOSF103/queue.o
 .comment       0x0000000000000043       0x44 ./FREERTOSF103/tasks.o
 .comment       0x0000000000000043       0x44 ./FREERTOSF103/portable/GCC/ARM_CM3/port.o
 .comment       0x0000000000000043       0x44 ./FREERTOSF103/portable/heap_1.o

.debug_info     0x0000000000000000     0x9e36
 .debug_info    0x0000000000000000      0xc6d ./Core/Src/main.o
 .debug_info    0x0000000000000c6d      0x7f8 ./Core/Src/stm32f1xx_hal_msp.o
 .debug_info    0x0000000000001465      0x113 ./Core/Src/stm32f1xx_it.o
 .debug_info    0x0000000000001578      0x222 ./Core/Src/system_stm32f1xx.o
 .debug_info    0x000000000000179a       0x23 ./Core/Startup/startup_stm32f103c8tx.o
 .debug_info    0x00000000000017bd      0x704 ./Drivers/STM32F1xx_HAL_Driver/Src/stm32f1xx_hal.o
 .debug_info    0x0000000000001ec1      0xa87 ./Drivers/STM32F1xx_HAL_Driver/Src/stm32f1xx_hal_cortex.o
 .debug_info    0x0000000000002948      0x5ab ./Drivers/STM32F1xx_HAL_Driver/Src/stm32f1xx_hal_gpio.o
 .debug_info    0x0000000000002ef3      0x7d5 ./Drivers/STM32F1xx_HAL_Driver/Src/stm32f1xx_hal_rcc.o
 .debug_info    0x00000000000036c8     0x2fa8 ./Drivers/STM32F1xx_HAL_Driver/Src/stm32f1xx_hal_uart.o
 .debug_info    0x0000000000006670      0x2af ./FREERTOSF103/list.o
 .debug_info    0x000000000000691f     0x11f3 ./FREERTOSF103/queue.o
 .debug_info    0x0000000000007b12     0x1e93 ./FREERTOSF103/tasks.o
 .debug_info    0x00000000000099a5      0x2e7 ./FREERTOSF103/portable/GCC/ARM_CM3/port.o
 .debug_info    0x0000000000009c8c      0x1aa ./FREERTOSF103/portable/heap_1.o

.debug_abbrev   0x0000000000000000     0x1d50
 .debug_abbrev  0x0000000000000000      0x310 ./Core/Src/main.o
 .debug_abbrev  0x0000000000000310      0x1ab ./Core/Src/stm32f1xx_hal_msp.o
 .debug_abbrev  0x00000000000004bb       0x73 ./Core/Src/stm32f1xx_it.o
 .debug_abbrev  0x000000000000052e      0x13f ./Core/Src/system_stm32f1xx.o
 .debug_abbrev  0x000000000000066d       0x12 ./Core/Startup/startup_stm32f103c8tx.o
 .debug_abbrev  0x000000000000067f      0x201 ./Drivers/STM32F1xx_HAL_Driver/Src/stm32f1xx_hal.o
 .debug_abbrev  0x0000000000000880      0x2f8 ./Drivers/STM32F1xx_HAL_Driver/Src/stm32f1xx_hal_cortex.o
 .debug_abbrev  0x0000000000000b78      0x1ca ./Drivers/STM32F1xx_HAL_Driver/Src/stm32f1xx_hal_gpio.o
 .debug_abbrev  0x0000000000000d42      0x2b3 ./Drivers/STM32F1xx_HAL_Driver/Src/stm32f1xx_hal_rcc.o
 .debug_abbrev  0x0000000000000ff5      0x2f8 ./Drivers/STM32F1xx_HAL_Driver/Src/stm32f1xx_hal_uart.o
 .debug_abbrev  0x00000000000012ed       0xf5 ./FREERTOSF103/list.o
 .debug_abbrev  0x00000000000013e2      0x2d8 ./FREERTOSF103/queue.o
 .debug_abbrev  0x00000000000016ba      0x367 ./FREERTOSF103/tasks.o
 .debug_abbrev  0x0000000000001a21      0x20c ./FREERTOSF103/portable/GCC/ARM_CM3/port.o
 .debug_abbrev  0x0000000000001c2d      0x123 ./FREERTOSF103/portable/heap_1.o

.debug_aranges  0x0000000000000000      0x9e8
 .debug_aranges
                0x0000000000000000       0x58 ./Core/Src/main.o
 .debug_aranges
                0x0000000000000058       0x30 ./Core/Src/stm32f1xx_hal_msp.o
 .debug_aranges
                0x0000000000000088       0x60 ./Core/Src/stm32f1xx_it.o
 .debug_aranges
                0x00000000000000e8       0x28 ./Core/Src/system_stm32f1xx.o
 .debug_aranges
                0x0000000000000110       0x28 ./Core/Startup/startup_stm32f103c8tx.o
 .debug_aranges
                0x0000000000000138       0xe0 ./Drivers/STM32F1xx_HAL_Driver/Src/stm32f1xx_hal.o
 .debug_aranges
                0x0000000000000218      0x100 ./Drivers/STM32F1xx_HAL_Driver/Src/stm32f1xx_hal_cortex.o
 .debug_aranges
                0x0000000000000318       0x58 ./Drivers/STM32F1xx_HAL_Driver/Src/stm32f1xx_hal_gpio.o
 .debug_aranges
                0x0000000000000370       0x90 ./Drivers/STM32F1xx_HAL_Driver/Src/stm32f1xx_hal_rcc.o
 .debug_aranges
                0x0000000000000400      0x208 ./Drivers/STM32F1xx_HAL_Driver/Src/stm32f1xx_hal_uart.o
 .debug_aranges
                0x0000000000000608       0x40 ./FREERTOSF103/list.o
 .debug_aranges
                0x0000000000000648      0x110 ./FREERTOSF103/queue.o
 .debug_aranges
                0x0000000000000758      0x1e8 ./FREERTOSF103/tasks.o
 .debug_aranges
                0x0000000000000940       0x70 ./FREERTOSF103/portable/GCC/ARM_CM3/port.o
 .debug_aranges
                0x00000000000009b0       0x38 ./FREERTOSF103/portable/heap_1.o

.debug_rnglists
                0x0000000000000000      0x790
 .debug_rnglists
                0x0000000000000000       0x3e ./Core/Src/main.o
 .debug_rnglists
                0x000000000000003e       0x20 ./Core/Src/stm32f1xx_hal_msp.o
 .debug_rnglists
                0x000000000000005e       0x43 ./Core/Src/stm32f1xx_it.o
 .debug_rnglists
                0x00000000000000a1       0x1a ./Core/Src/system_stm32f1xx.o
 .debug_rnglists
                0x00000000000000bb       0x19 ./Core/Startup/startup_stm32f103c8tx.o
 .debug_rnglists
                0x00000000000000d4       0xa3 ./Drivers/STM32F1xx_HAL_Driver/Src/stm32f1xx_hal.o
 .debug_rnglists
                0x0000000000000177       0xbb ./Drivers/STM32F1xx_HAL_Driver/Src/stm32f1xx_hal_cortex.o
 .debug_rnglists
                0x0000000000000232       0x3f ./Drivers/STM32F1xx_HAL_Driver/Src/stm32f1xx_hal_gpio.o
 .debug_rnglists
                0x0000000000000271       0x6c ./Drivers/STM32F1xx_HAL_Driver/Src/stm32f1xx_hal_rcc.o
 .debug_rnglists
                0x00000000000002dd      0x1bc ./Drivers/STM32F1xx_HAL_Driver/Src/stm32f1xx_hal_uart.o
 .debug_rnglists
                0x0000000000000499       0x2b ./FREERTOSF103/list.o
 .debug_rnglists
                0x00000000000004c4       0xd1 ./FREERTOSF103/queue.o
 .debug_rnglists
                0x0000000000000595      0x186 ./FREERTOSF103/tasks.o
 .debug_rnglists
                0x000000000000071b       0x4f ./FREERTOSF103/portable/GCC/ARM_CM3/port.o
 .debug_rnglists
                0x000000000000076a       0x26 ./FREERTOSF103/portable/heap_1.o

.debug_macro    0x0000000000000000    0x178d3
 .debug_macro   0x0000000000000000      0x21d ./Core/Src/main.o
 .debug_macro   0x000000000000021d      0xa9c ./Core/Src/main.o
 .debug_macro   0x0000000000000cb9      0x215 ./Core/Src/main.o
 .debug_macro   0x0000000000000ece       0x2e ./Core/Src/main.o
 .debug_macro   0x0000000000000efc       0x22 ./Core/Src/main.o
 .debug_macro   0x0000000000000f1e       0x22 ./Core/Src/main.o
 .debug_macro   0x0000000000000f40       0x8e ./Core/Src/main.o
 .debug_macro   0x0000000000000fce       0x51 ./Core/Src/main.o
 .debug_macro   0x000000000000101f      0x103 ./Core/Src/main.o
 .debug_macro   0x0000000000001122       0x6a ./Core/Src/main.o
 .debug_macro   0x000000000000118c      0x1df ./Core/Src/main.o
 .debug_macro   0x000000000000136b       0x1c ./Core/Src/main.o
 .debug_macro   0x0000000000001387       0x22 ./Core/Src/main.o
 .debug_macro   0x00000000000013a9       0xbd ./Core/Src/main.o
 .debug_macro   0x0000000000001466      0xd23 ./Core/Src/main.o
 .debug_macro   0x0000000000002189     0xe09e ./Core/Src/main.o
 .debug_macro   0x0000000000010227       0x6d ./Core/Src/main.o
 .debug_macro   0x0000000000010294     0x348d ./Core/Src/main.o
 .debug_macro   0x0000000000013721      0x174 ./Core/Src/main.o
 .debug_macro   0x0000000000013895       0x5c ./Core/Src/main.o
 .debug_macro   0x00000000000138f1      0x5bc ./Core/Src/main.o
 .debug_macro   0x0000000000013ead      0x289 ./Core/Src/main.o
 .debug_macro   0x0000000000014136      0x1cb ./Core/Src/main.o
 .debug_macro   0x0000000000014301      0x114 ./Core/Src/main.o
 .debug_macro   0x0000000000014415      0x1b2 ./Core/Src/main.o
 .debug_macro   0x00000000000145c7       0x27 ./Core/Src/main.o
 .debug_macro   0x00000000000145ee      0x136 ./Core/Src/main.o
 .debug_macro   0x0000000000014724      0x1bc ./Core/Src/main.o
 .debug_macro   0x00000000000148e0       0x34 ./Core/Src/main.o
 .debug_macro   0x0000000000014914       0x3c ./Core/Src/main.o
 .debug_macro   0x0000000000014950       0x57 ./Core/Src/main.o
 .debug_macro   0x00000000000149a7       0x87 ./Core/Src/main.o
 .debug_macro   0x0000000000014a2e      0x240 ./Core/Src/main.o
 .debug_macro   0x0000000000014c6e      0x140 ./Core/Src/main.o
 .debug_macro   0x0000000000014dae      0x28e ./Core/Src/main.o
 .debug_macro   0x000000000001503c       0x83 ./Core/Src/main.o
 .debug_macro   0x00000000000150bf       0x16 ./Core/Src/main.o
 .debug_macro   0x00000000000150d5       0xd0 ./Core/Src/main.o
 .debug_macro   0x00000000000151a5      0x15a ./Core/Src/main.o
 .debug_macro   0x00000000000152ff       0xe3 ./Core/Src/main.o
 .debug_macro   0x00000000000153e2       0x28 ./Core/Src/main.o
 .debug_macro   0x000000000001540a       0x1f ./Core/Src/main.o
 .debug_macro   0x0000000000015429       0x12 ./Core/Src/main.o
 .debug_macro   0x000000000001543b      0x55e ./Core/Src/main.o
 .debug_macro   0x0000000000015999       0xc3 ./Core/Src/main.o
 .debug_macro   0x0000000000015a5c      0x120 ./Core/Src/main.o
 .debug_macro   0x0000000000015b7c       0x80 ./Core/Src/main.o
 .debug_macro   0x0000000000015bfc      0x19d ./Core/Src/stm32f1xx_hal_msp.o
 .debug_macro   0x0000000000015d99      0x1a7 ./Core/Src/stm32f1xx_it.o
 .debug_macro   0x0000000000015f40      0x18e ./Core/Src/system_stm32f1xx.o
 .debug_macro   0x00000000000160ce      0x1b2 ./Drivers/STM32F1xx_HAL_Driver/Src/stm32f1xx_hal.o
 .debug_macro   0x0000000000016280      0x18e ./Drivers/STM32F1xx_HAL_Driver/Src/stm32f1xx_hal_cortex.o
 .debug_macro   0x000000000001640e      0x1f9 ./Drivers/STM32F1xx_HAL_Driver/Src/stm32f1xx_hal_gpio.o
 .debug_macro   0x0000000000016607      0x1a0 ./Drivers/STM32F1xx_HAL_Driver/Src/stm32f1xx_hal_rcc.o
 .debug_macro   0x00000000000167a7      0x18f ./Drivers/STM32F1xx_HAL_Driver/Src/stm32f1xx_hal_uart.o
 .debug_macro   0x0000000000016936      0x2c4 ./FREERTOSF103/list.o
 .debug_macro   0x0000000000016bfa      0x35b ./FREERTOSF103/queue.o
 .debug_macro   0x0000000000016f55       0x16 ./FREERTOSF103/queue.o
 .debug_macro   0x0000000000016f6b       0x20 ./FREERTOSF103/queue.o
 .debug_macro   0x0000000000016f8b      0x3aa ./FREERTOSF103/tasks.o
 .debug_macro   0x0000000000017335       0x16 ./FREERTOSF103/tasks.o
 .debug_macro   0x000000000001734b      0x2af ./FREERTOSF103/portable/GCC/ARM_CM3/port.o
 .debug_macro   0x00000000000175fa      0x2d9 ./FREERTOSF103/portable/heap_1.o

.debug_line     0x0000000000000000     0xbfa9
 .debug_line    0x0000000000000000      0x913 ./Core/Src/main.o
 .debug_line    0x0000000000000913      0x728 ./Core/Src/stm32f1xx_hal_msp.o
 .debug_line    0x000000000000103b      0x796 ./Core/Src/stm32f1xx_it.o
 .debug_line    0x00000000000017d1      0x752 ./Core/Src/system_stm32f1xx.o
 .debug_line    0x0000000000001f23       0x78 ./Core/Startup/startup_stm32f103c8tx.o
 .debug_line    0x0000000000001f9b      0x97f ./Drivers/STM32F1xx_HAL_Driver/Src/stm32f1xx_hal.o
 .debug_line    0x000000000000291a      0xb67 ./Drivers/STM32F1xx_HAL_Driver/Src/stm32f1xx_hal_cortex.o
 .debug_line    0x0000000000003481      0xa18 ./Drivers/STM32F1xx_HAL_Driver/Src/stm32f1xx_hal_gpio.o
 .debug_line    0x0000000000003e99      0xd88 ./Drivers/STM32F1xx_HAL_Driver/Src/stm32f1xx_hal_rcc.o
 .debug_line    0x0000000000004c21     0x28ad ./Drivers/STM32F1xx_HAL_Driver/Src/stm32f1xx_hal_uart.o
 .debug_line    0x00000000000074ce      0x9dc ./FREERTOSF103/list.o
 .debug_line    0x0000000000007eaa     0x12bd ./FREERTOSF103/queue.o
 .debug_line    0x0000000000009167     0x1b9c ./FREERTOSF103/tasks.o
 .debug_line    0x000000000000ad03      0x927 ./FREERTOSF103/portable/GCC/ARM_CM3/port.o
 .debug_line    0x000000000000b62a      0x97f ./FREERTOSF103/portable/heap_1.o

.debug_str      0x0000000000000000    0x89ace
 .debug_str     0x0000000000000000    0x8227e ./Core/Src/main.o
                                      0x82665 (size before relaxing)
 .debug_str     0x000000000008227e       0x94 ./Core/Src/stm32f1xx_hal_msp.o
                                      0x7cd49 (size before relaxing)
 .debug_str     0x0000000000082312       0xc9 ./Core/Src/stm32f1xx_it.o
                                      0x7c8d9 (size before relaxing)
 .debug_str     0x00000000000823db       0x7e ./Core/Src/system_stm32f1xx.o
                                      0x7c8bb (size before relaxing)
 .debug_str     0x0000000000082459       0x34 ./Core/Startup/startup_stm32f103c8tx.o
                                         0x67 (size before relaxing)
 .debug_str     0x000000000008248d      0x611 ./Drivers/STM32F1xx_HAL_Driver/Src/stm32f1xx_hal.o
                                      0x7cfee (size before relaxing)
 .debug_str     0x0000000000082a9e      0x2bb ./Drivers/STM32F1xx_HAL_Driver/Src/stm32f1xx_hal_cortex.o
                                      0x7cf3a (size before relaxing)
 .debug_str     0x0000000000082d59      0x2c2 ./Drivers/STM32F1xx_HAL_Driver/Src/stm32f1xx_hal_gpio.o
                                      0x7cc41 (size before relaxing)
 .debug_str     0x000000000008301b      0x229 ./Drivers/STM32F1xx_HAL_Driver/Src/stm32f1xx_hal_rcc.o
                                      0x7ccea (size before relaxing)
 .debug_str     0x0000000000083244      0x658 ./Drivers/STM32F1xx_HAL_Driver/Src/stm32f1xx_hal_uart.o
                                      0x7d35b (size before relaxing)
 .debug_str     0x000000000008389c     0x3302 ./FREERTOSF103/list.o
                                      0x83769 (size before relaxing)
 .debug_str     0x0000000000086b9e      0xbca ./FREERTOSF103/queue.o
                                      0x85d28 (size before relaxing)
 .debug_str     0x0000000000087768     0x1c53 ./FREERTOSF103/tasks.o
                                      0x869a7 (size before relaxing)
 .debug_str     0x00000000000893bb      0x645 ./FREERTOSF103/portable/GCC/ARM_CM3/port.o
                                      0x81df4 (size before relaxing)
 .debug_str     0x0000000000089a00       0xce ./FREERTOSF103/portable/heap_1.o
                                      0x8499d (size before relaxing)

.debug_frame    0x0000000000000000     0x2724
 .debug_frame   0x0000000000000000      0x10c ./Core/Src/main.o
 .debug_frame   0x000000000000010c       0x80 ./Core/Src/stm32f1xx_hal_msp.o
 .debug_frame   0x000000000000018c      0x104 ./Core/Src/stm32f1xx_it.o
 .debug_frame   0x0000000000000290       0x58 ./Core/Src/system_stm32f1xx.o
 .debug_frame   0x00000000000002e8      0x334 ./Drivers/STM32F1xx_HAL_Driver/Src/stm32f1xx_hal.o
 .debug_frame   0x000000000000061c      0x428 ./Drivers/STM32F1xx_HAL_Driver/Src/stm32f1xx_hal_cortex.o
 .debug_frame   0x0000000000000a44      0x14c ./Drivers/STM32F1xx_HAL_Driver/Src/stm32f1xx_hal_gpio.o
 .debug_frame   0x0000000000000b90      0x218 ./Drivers/STM32F1xx_HAL_Driver/Src/stm32f1xx_hal_rcc.o
 .debug_frame   0x0000000000000da8      0x944 ./Drivers/STM32F1xx_HAL_Driver/Src/stm32f1xx_hal_uart.o
 .debug_frame   0x00000000000016ec       0xd8 ./FREERTOSF103/list.o
 .debug_frame   0x00000000000017c4      0x490 ./FREERTOSF103/queue.o
 .debug_frame   0x0000000000001c54      0x860 ./FREERTOSF103/tasks.o
 .debug_frame   0x00000000000024b4      0x160 ./FREERTOSF103/portable/GCC/ARM_CM3/port.o
 .debug_frame   0x0000000000002614       0x9c ./FREERTOSF103/portable/heap_1.o
 .debug_frame   0x00000000000026b0       0x20 C:/ST/STM32CubeIDE_1.14.0/STM32CubeIDE/plugins/com.st.stm32cube.ide.mcu.externaltools.gnu-tools-for-stm32.11.3.rel1.win32_1.1.100.202309141235/tools/bin/../lib/gcc/arm-none-eabi/11.3.1/../../../../arm-none-eabi/lib/thumb/v7-m/nofp\libc_nano.a(libc_a-memset.o)
 .debug_frame   0x00000000000026d0       0x2c C:/ST/STM32CubeIDE_1.14.0/STM32CubeIDE/plugins/com.st.stm32cube.ide.mcu.externaltools.gnu-tools-for-stm32.11.3.rel1.win32_1.1.100.202309141235/tools/bin/../lib/gcc/arm-none-eabi/11.3.1/../../../../arm-none-eabi/lib/thumb/v7-m/nofp\libc_nano.a(libc_a-init.o)
 .debug_frame   0x00000000000026fc       0x28 C:/ST/STM32CubeIDE_1.14.0/STM32CubeIDE/plugins/com.st.stm32cube.ide.mcu.externaltools.gnu-tools-for-stm32.11.3.rel1.win32_1.1.100.202309141235/tools/bin/../lib/gcc/arm-none-eabi/11.3.1/../../../../arm-none-eabi/lib/thumb/v7-m/nofp\libc_nano.a(libc_a-memcpy-stub.o)

.debug_line_str
                0x0000000000000000       0x5b
 .debug_line_str
                0x0000000000000000       0x5b ./Core/Startup/startup_stm32f103c8tx.o
                                         0x73 (size before relaxing)
